%!Adobe-FontList 1.16
%Locale:0x40c

%BeginFont
Handler:DirectoryHandler
FontType:TrueType
FontName:ArchivoNarrow-Bold
FamilyName:Archivo Narrow
StyleName:Bold
FullName:Archivo Narrow Bold
MenuName:Archivo Narrow
StyleBits:2
WritingScript:Roman
OutlineFileName:F:\LICENCE\PAO-bis\conception graphique\tuile graphique\voile-tuile-graphique\tuile-graphique-18oct\Document fonts\ArchivoNarrow-Bold.ttf
DataFormat:sfntData
FileLength:126704
FileModTime:1475674978
WeightClass:700
WidthClass:5
AngleClass:0
NameArray:0,Mac,18,Archivo Narrow Bold
NameArray:0,Mac,4,Archivo Narrow Bold
NameArray:0,Win,1,Archivo Narrow
%EndFont

%BeginFont
Handler:DirectoryHandler
FontType:TrueType
FontName:ArchivoNarrow-Regular
FamilyName:Archivo Narrow
StyleName:Regular
FullName:Archivo Narrow Regular
MenuName:Archivo Narrow
StyleBits:0
WritingScript:Roman
OutlineFileName:F:\LICENCE\PAO-bis\conception graphique\tuile graphique\voile-tuile-graphique\tuile-graphique-18oct\Document fonts\ArchivoNarrow-Regular.ttf
DataFormat:sfntData
FileLength:145692
FileModTime:1475674994
WeightClass:400
WidthClass:5
AngleClass:0
NameArray:0,Mac,18,Archivo Narrow Regular
NameArray:0,Mac,4,Archivo Narrow Regular
NameArray:0,Win,1,Archivo Narrow
%EndFont

%BeginFont
Handler:DirectoryHandler
FontType:TrueType
FontName:Bitter-Bold
FamilyName:Bitter
StyleName:Bold
FullName:Bitter-Bold
MenuName:Bitter
StyleBits:2
WritingScript:Roman
OutlineFileName:F:\LICENCE\PAO-bis\conception graphique\tuile graphique\voile-tuile-graphique\tuile-graphique-18oct\Document fonts\Bitter-Bold.ttf
DataFormat:sfntData
FileLength:25896
FileModTime:1475672312
WeightClass:700
WidthClass:5
AngleClass:0
NameArray:0,Mac,4,Bitter-Bold
NameArray:0,Win,1,Bitter
%EndFont

%BeginFont
Handler:DirectoryHandler
FontType:TrueType
FontName:Bitter-Italic
FamilyName:Bitter
StyleName:Italic
FullName:Bitter-Italic
MenuName:Bitter
StyleBits:1
WritingScript:Roman
OutlineFileName:F:\LICENCE\PAO-bis\conception graphique\tuile graphique\voile-tuile-graphique\tuile-graphique-18oct\Document fonts\Bitter-Italic.ttf
DataFormat:sfntData
FileLength:39420
FileModTime:1475672318
WeightClass:400
WidthClass:5
AngleClass:1
NameArray:0,Mac,4,Bitter-Italic
NameArray:0,Win,1,Bitter
%EndFont

%BeginFont
Handler:DirectoryHandler
FontType:TrueType
FontName:Bitter-Regular
FamilyName:Bitter
StyleName:Regular
FullName:Bitter-Regular
MenuName:Bitter
StyleBits:0
WritingScript:Roman
OutlineFileName:F:\LICENCE\PAO-bis\conception graphique\tuile graphique\voile-tuile-graphique\tuile-graphique-18oct\Document fonts\Bitter-Regular.ttf
DataFormat:sfntData
FileLength:90628
FileModTime:1475672324
WeightClass:400
WidthClass:5
AngleClass:0
NameArray:0,Mac,18,Bitter
NameArray:0,Mac,4,Bitter-Regular
NameArray:0,Win,1,Bitter
%EndFont

